running egg_info
creating ../../build/turtle_draw/turtle_draw.egg-info
writing ../../build/turtle_draw/turtle_draw.egg-info/PKG-INFO
writing dependency_links to ../../build/turtle_draw/turtle_draw.egg-info/dependency_links.txt
writing entry points to ../../build/turtle_draw/turtle_draw.egg-info/entry_points.txt
writing requirements to ../../build/turtle_draw/turtle_draw.egg-info/requires.txt
writing top-level names to ../../build/turtle_draw/turtle_draw.egg-info/top_level.txt
writing manifest file '../../build/turtle_draw/turtle_draw.egg-info/SOURCES.txt'
reading manifest file '../../build/turtle_draw/turtle_draw.egg-info/SOURCES.txt'
writing manifest file '../../build/turtle_draw/turtle_draw.egg-info/SOURCES.txt'
running build
running build_py
creating /home/inteli/Documentos/codigos/2026/M06-Inteli2026/turtle-draw/ros2_ws/build/turtle_draw/build
creating /home/inteli/Documentos/codigos/2026/M06-Inteli2026/turtle-draw/ros2_ws/build/turtle_draw/build/lib
creating /home/inteli/Documentos/codigos/2026/M06-Inteli2026/turtle-draw/ros2_ws/build/turtle_draw/build/lib/turtle_draw
copying turtle_draw/draw_turtle.py -> /home/inteli/Documentos/codigos/2026/M06-Inteli2026/turtle-draw/ros2_ws/build/turtle_draw/build/lib/turtle_draw
copying turtle_draw/__init__.py -> /home/inteli/Documentos/codigos/2026/M06-Inteli2026/turtle-draw/ros2_ws/build/turtle_draw/build/lib/turtle_draw
running install
running install_lib
creating /home/inteli/Documentos/codigos/2026/M06-Inteli2026/turtle-draw/ros2_ws/install/turtle_draw/lib/python3.12/site-packages/turtle_draw
copying /home/inteli/Documentos/codigos/2026/M06-Inteli2026/turtle-draw/ros2_ws/build/turtle_draw/build/lib/turtle_draw/draw_turtle.py -> /home/inteli/Documentos/codigos/2026/M06-Inteli2026/turtle-draw/ros2_ws/install/turtle_draw/lib/python3.12/site-packages/turtle_draw
copying /home/inteli/Documentos/codigos/2026/M06-Inteli2026/turtle-draw/ros2_ws/build/turtle_draw/build/lib/turtle_draw/__init__.py -> /home/inteli/Documentos/codigos/2026/M06-Inteli2026/turtle-draw/ros2_ws/install/turtle_draw/lib/python3.12/site-packages/turtle_draw
byte-compiling /home/inteli/Documentos/codigos/2026/M06-Inteli2026/turtle-draw/ros2_ws/install/turtle_draw/lib/python3.12/site-packages/turtle_draw/draw_turtle.py to draw_turtle.cpython-312.pyc
byte-compiling /home/inteli/Documentos/codigos/2026/M06-Inteli2026/turtle-draw/ros2_ws/install/turtle_draw/lib/python3.12/site-packages/turtle_draw/__init__.py to __init__.cpython-312.pyc
running install_data
creating /home/inteli/Documentos/codigos/2026/M06-Inteli2026/turtle-draw/ros2_ws/install/turtle_draw/share/ament_index
creating /home/inteli/Documentos/codigos/2026/M06-Inteli2026/turtle-draw/ros2_ws/install/turtle_draw/share/ament_index/resource_index
creating /home/inteli/Documentos/codigos/2026/M06-Inteli2026/turtle-draw/ros2_ws/install/turtle_draw/share/ament_index/resource_index/packages
copying resource/turtle_draw -> /home/inteli/Documentos/codigos/2026/M06-Inteli2026/turtle-draw/ros2_ws/install/turtle_draw/share/ament_index/resource_index/packages
copying package.xml -> /home/inteli/Documentos/codigos/2026/M06-Inteli2026/turtle-draw/ros2_ws/install/turtle_draw/share/turtle_draw
running install_egg_info
Copying ../../build/turtle_draw/turtle_draw.egg-info to /home/inteli/Documentos/codigos/2026/M06-Inteli2026/turtle-draw/ros2_ws/install/turtle_draw/lib/python3.12/site-packages/turtle_draw-0.0.0-py3.12.egg-info
running install_scripts
Installing draw_turtle script to /home/inteli/Documentos/codigos/2026/M06-Inteli2026/turtle-draw/ros2_ws/install/turtle_draw/lib/turtle_draw
writing list of installed files to '/home/inteli/Documentos/codigos/2026/M06-Inteli2026/turtle-draw/ros2_ws/build/turtle_draw/install.log'
